// Jest Snapshot v1, https://goo.gl/fbAQLP

exports[`Avatar Component matches snapshot 1`] = `
<DocumentFragment>
  <div
    class="sc-2b2a1bd8-0 doDeWs"
  >
    <img
      alt="User Avatar"
      class="sc-2b2a1bd8-1 cVpnb"
      src="https://reqres.in/img/faces/7-image.jpg"
    />
    <div
      class="sc-2b2a1bd8-2 eVjdKf"
    >
      <span
        class="sc-2b2a1bd8-3 dbyjgu"
      >
        Michael
      </span>
      <span
        class="sc-2b2a1bd8-4 BLLUx"
      >
        michael.lawson@reqres.in
      </span>
      <button
        class="sc-2b2a1bd8-5 kfcqpw"
      >
        Cerrar Sesi√≥n
      </button>
    </div>
  </div>
</DocumentFragment>
`;
