// Jest Snapshot v1, https://goo.gl/fbAQLP

exports[`Layout Component matches snapshot 1`] = `
<DocumentFragment>
  <div
    class="sc-d0ae5099-0 kwXVNk"
  >
    <header
      class="sc-ece30d93-0 hPavrx"
    >
      <h1
        class="sc-ece30d93-1 dQbGoR"
      >
        My Personal Dashboard
      </h1>
      <a
        data-testid="go-to-cart"
        href="/Cart"
      >
        <div
          class="sc-ece30d93-2 ejPOtw"
        >
          <img
            alt="Cart Icon"
            class="sc-ece30d93-3 cwysBr"
            src="/assets/icons/shopping-bag.png"
          />
          <div
            class="sc-ece30d93-4 ekOwio"
          >
            0
          </div>
        </div>
      </a>
    </header>
    <div
      class="sc-d0ae5099-1 fOSyUL"
    >
      <section
        class="sc-6d8e35a2-0 bpKibS"
      >
        <div
          class="sc-2b2a1bd8-0 doDeWs"
        >
          <img
            alt="User Avatar"
            class="sc-2b2a1bd8-1 cVpnb"
          />
          <div
            class="sc-2b2a1bd8-2 eVjdKf"
          >
            <span
              class="sc-2b2a1bd8-3 dbyjgu"
            />
            <span
              class="sc-2b2a1bd8-4 BLLUx"
            />
            <button
              class="sc-2b2a1bd8-5 kfcqpw"
            >
              Cerrar Sesi√≥n
            </button>
          </div>
        </div>
      </section>
      <div
        class="sc-d0ae5099-2 cpQzcA"
      >
        <div
          class="sc-9101dc7-1 jBNtAt"
        >
          <div
            class="sc-9101dc7-0 elFxUS"
          >
            Opciones
          </div>
          <div
            class="sc-9101dc7-2"
          >
            <div
              class="sc-3a724431-0 iQabbx"
            >
              <a
                data-testid="product-list-page"
                href="/Products/List"
              >
                Products
              </a>
            </div>
          </div>
          <div
            class="sc-9101dc7-2"
          >
            <div
              class="sc-3a724431-0 iQabbx"
            >
              <a
                data-testid="cart-page"
                href="/Cart"
              >
                Cart
              </a>
            </div>
          </div>
        </div>
        <div
          class="sc-d0ae5099-3 Yvdxn"
        >
          <div>
            Content
          </div>
        </div>
      </div>
    </div>
  </div>
</DocumentFragment>
`;
